// Jest Snapshot v1, https://goo.gl/fbAQLP

exports[`CardComponent group movies by decades 1`] = `
Map {
  "2010" => Array [
    Object {
      "Poster": "https://m.media-amazon.com/images/M/MV5BZjNjOTQzOWItMzk4MC00MmMzLTk4ZjUtMWU4ZWE4ZmU0OWY5XkEyXkFqcGc@._V1_SX300.jpg",
      "Title": "The Test Case",
      "Type": "series",
      "Year": "2018–",
      "imdbID": "tt6868278",
    },
    Object {
      "Poster": "https://m.media-amazon.com/images/M/MV5BZjhlM2ZhMzUtMzU4ZC00ZjAyLWIxZmYtOWY4N2RlMWEzYTcwXkEyXkFqcGc@._V1_SX300.jpg",
      "Title": "Beta Test",
      "Type": "movie",
      "Year": "2016",
      "imdbID": "tt4244162",
    },
    Object {
      "Poster": "https://m.media-amazon.com/images/M/MV5BMTQwMDU5NDkxNF5BMl5BanBnXkFtZTcwMjk5OTk4OQ@@._V1_SX300.jpg",
      "Title": "Test",
      "Type": "movie",
      "Year": "2013",
      "imdbID": "tt2407380",
    },
    Object {
      "Poster": "https://m.media-amazon.com/images/M/MV5BMTYwNTgzMjM5M15BMl5BanBnXkFtZTcwNDUzMTE1OA@@._V1_SX300.jpg",
      "Title": "The Test",
      "Type": "movie",
      "Year": "2012",
      "imdbID": "tt1986180",
    },
    Object {
      "Poster": "https://m.media-amazon.com/images/M/MV5BOGRmOTAwNDQtYzQ5NS00YmZjLThkMDItNzYyMmVlYjIxZmZjXkEyXkFqcGc@._V1_SX300.jpg",
      "Title": "Baka and Test",
      "Type": "series",
      "Year": "2010–2011",
      "imdbID": "tt1655610",
    },
  ],
}
`;
